<?xml version="1.0" encoding="UTF-8" ?>
<testsuites name="vitest tests" tests="4" failures="3" errors="0" time="15.493">
    <testsuite name="src/__tests__/indexTest.test.jsx" timestamp="2026-01-31T12:56:58.360Z" hostname="DESKTOP-BJCBOBL" tests="4" failures="3" errors="0" skipped="0" time="0.7470019">
        <testcase classname="src/__tests__/indexTest.test.jsx" name="renders product dashboard title" time="0.3244963">
        </testcase>
        <testcase classname="src/__tests__/indexTest.test.jsx" name="displays all products initially" time="0.3217731">
            <failure message="Unable to find an element with the text: Laptop. This could be because the text is broken up by multiple elements. In this case, you can provide a function for your text matcher to make your matcher more flexible.

Ignored nodes: comments, script, style
[36m&lt;body&gt;[39m
  [36m&lt;div&gt;[39m
    [36m&lt;div[39m
      [33mclass[39m=[32m&quot;MuiContainer-root MuiContainer-maxWidthLg css-xsov46-MuiContainer-root&quot;[39m
    [36m&gt;[39m
      [36m&lt;div[39m
        [33mclass[39m=[32m&quot;MuiBox-root css-j4unr3&quot;[39m
      [36m&gt;[39m
        [36m&lt;h1[39m
          [33mclass[39m=[32m&quot;MuiTypography-root MuiTypography-h3 MuiTypography-gutterBottom css-1u0vmje-MuiTypography-root&quot;[39m
        [36m&gt;[39m
          [0mProduct Dashboard[0m
        [36m&lt;/h1&gt;[39m
        [36m&lt;h6[39m
          [33mclass[39m=[32m&quot;MuiTypography-root MuiTypography-subtitle1 css-1wapfoa-MuiTypography-root&quot;[39m
        [36m&gt;[39m
          [0mDiscover our amazing collection of tech products[0m
        [36m&lt;/h6&gt;[39m
        [36m&lt;button[39m
          [33mclass[39m=[32m&quot;MuiButtonBase-root MuiButton-root MuiButton-outlined MuiButton-outlinedPrimary MuiButton-sizeMedium MuiButton-outlinedSizeMedium MuiButton-colorPrimary MuiButton-root MuiButton-outlined MuiButton-outlinedPrimary MuiButton-sizeMedium MuiButton-outlinedSizeMedium MuiButton-colorPrimary css-1x93och-MuiButtonBase-root-MuiButton-root&quot;[39m
          [33mtabindex[39m=[32m&quot;0&quot;[39m
          [33mtype[39m=[32m&quot;button&quot;[39m
        [36m&gt;[39m
          [0mShow In-Stock Only[0m
        [36m&lt;/button&gt;[39m
      [36m&lt;/div&gt;[39m
      [36m&lt;div[39m
        [33mclass[39m=[32m&quot;MuiGrid-root MuiGrid-container MuiGrid-spacing-xs-3 css-1qw2a80-MuiGrid-root&quot;[39m
      [36m&gt;[39m
        [36m&lt;div[39m
          [33mclass[39m=[32m&quot;MuiGrid-root MuiGrid-item MuiGrid-grid-xs-12 MuiGrid-grid-sm-6 MuiGrid-grid-md-4 MuiGrid-grid-lg-3 css-14j1sok-MuiGrid-root&quot;[39m
        [36m&gt;[39m
          [36m&lt;div[39m
            [33mclass[39m=[32m&quot;MuiPaper-root MuiPaper-elevation MuiPaper-rounded MuiPaper-elevation1 MuiCard-root _card_c43253 css-i00wi4-MuiPaper-root-MuiCard-root&quot;[39m
            [33mstyle[39m=[32m&quot;--Paper-shadow: 0px 2px 1px -1px rgba(0,0,0,0.2),0px 1px 1px 0px rgba(0,0,0,0.14),0px 1px 3px 0px rgba(0,0,0,0.12);&quot;[39m
          [36m&gt;[39m
            [36m&lt;div[39m
              [33mclass[39m=[32m&quot;MuiCardContent-root css-1vp024x-MuiCardContent-root&quot;[39m
            [36m&gt;[39m
              [36m&lt;div[39m
                [33mclass[39m=[32m&quot;MuiBox-root css-1qm1lh&quot;[39m
              [36m&gt;[39m
                [36m&lt;h2[39m
                  [33mclass[39m=[32m&quot;MuiTypography-root MuiTypography-h6 _productName_c43253 css-z9yyq-MuiTypography-root&quot;[39m
                [36m&gt;[39m
                  [0mWireless Headphones[0m
                [36m&lt;/h2&gt;[39m
              [36m&lt;/div&gt;[39m
              [36m&lt;div[39m
                [33mclass[39m=[32m&quot;MuiBox-root css-1qm1lh&quot;[39m
              [36m&gt;[39m
                [36m&lt;h5[39m
                  [33mclass[39m=[32m&quot;MuiTypography-root MuiTypography-h5 _price_c43253 css-1a265nu-MuiTypography-root&quot;[39m
                [36m&gt;[39m
                  [0m$[0m
                  [0m99.99[0m
                [36m&lt;/h5&gt;[39m
              [36m&lt;/div&gt;[39m
              [36m&lt;div[39m
                [33mclass[39m=[32m&quot;MuiBox-root css-0&quot;[39m
              [36m&gt;[39m
                [36m&lt;div[39m
                  [33mclass[39m=[32m&quot;MuiChip-root MuiChip-filled MuiChip-sizeSmall MuiChip-colorSuccess MuiChip-filledSuccess _statusChip_c43253 css-wpsa08-MuiChip-root&quot;[39m
                [36m&gt;[39m
                  [36m&lt;span[39m
                    [33mclass[39m=[32m&quot;MuiChip-label MuiChip-labelSmall css-eccknh-MuiChip-label&quot;[39m
                  [36m&gt;[39m
                    [0mIn Stock[0m
                  [36m&lt;/span&gt;[39m
                [36m&lt;/div&gt;[39m
              [36m&lt;/div&gt;[39m
            [36m&lt;/div&gt;[39m
          [36m&lt;/div&gt;[39m
        [36m&lt;/div&gt;[39m
        [36m&lt;div[39m
          [33mclass[39m=[32m&quot;MuiGrid-root MuiGrid-item MuiGrid-grid-xs-12 MuiGrid-grid-sm-6 MuiGrid-grid-md-4 MuiGrid-grid-lg-3 css-14j1sok-MuiGrid-root&quot;[39m
        [36m&gt;[39m
          [36m&lt;div[39m
            [33mclass[39m=[32m&quot;MuiPaper-root MuiPaper-elevation MuiPaper-rounded MuiPaper-elevation1 MuiCard-root _card_c43253 css-i00wi4-MuiPaper-root-MuiCard-root&quot;[39m
            [33mstyle[39m=[32m&quot;--Paper-shadow: 0px 2px 1px -1px rgba(0,0,0,0.2),0px 1px 1px 0px rgba(0,0,0,0.14),0px 1px 3px 0px rgba(0,0,0,0.12);&quot;[39m
          [36m&gt;[39m
            [36m&lt;div[39m
              [33mclass[39m=[32m&quot;MuiCardContent-root css-1vp024x-MuiCardContent-root&quot;[39m
            [36m&gt;[39m
              [36m&lt;div[39m
                [33mclass[39m=[32m&quot;MuiBox-root css-1qm1lh&quot;[39m
              [36m&gt;[39m
                [36m&lt;h2[39m
                  [33mclass[39m=[32m&quot;MuiTypography-root MuiTypography-h6 _productName_c43253 css-z9yyq-MuiTypography-root&quot;[39m
                [36m&gt;[39m
                  [0mSmart Watch[0m
                [36m&lt;/h2&gt;[39m
              [36m&lt;/div&gt;[39m
              [36m&lt;div[39m
                [33mclass[39m=[32m&quot;MuiBox-root css-1qm1lh&quot;[39m
              [36m&gt;[39m
                [36m&lt;h5[39m
                  [33mclass[39m=[32m&quot;MuiTypography-root MuiTypography-h5 _price_c43253 css-1a265nu-MuiTypography-root&quot;[39m
                [36m&gt;[39m
                  [0m$[0m
                  [0m249.99[0m
                [36m&lt;/h5&gt;[39m
              [36m&lt;/div&gt;[39m
              [36m&lt;div[39m
                [33mclass[39m=[32m&quot;MuiBox-root css-0&quot;[39m
              [36m&gt;[39m
                [36m&lt;div[39m
                  [33mclass[39m=[32m&quot;MuiChip-root MuiChip-filled MuiChip-sizeSmall MuiChip-colorSuccess MuiChip-filledSuccess _statusChip_c43253 css-wpsa08-MuiChip-root&quot;[39m
                [36m&gt;[39m
                  [36m&lt;span[39m
                    [33mclass[39m=[32m&quot;MuiChip-label MuiChip-labelSmall css-eccknh-MuiChip-label&quot;[39m
                  [36m&gt;[39m
                    [0mIn Stock[0m
                  [36m&lt;/span&gt;[39m
                [36m&lt;/div&gt;[39m
              [36m&lt;/div&gt;[39m
            [36m&lt;/div&gt;[39m
          [36m&lt;/div&gt;[39m
        [36m&lt;/div&gt;[39m
        [36m&lt;div[39m
          [33mclass[39m=[32m&quot;MuiGrid-root MuiGrid-item MuiGrid-grid-xs-12 MuiGrid-grid-sm-6 MuiGrid-grid-md-4 MuiGrid-grid-lg-3 css-14j1sok-MuiGrid-root&quot;[39m
        [36m&gt;[39m
          [36m&lt;div[39m
            [33mclass[39m=[32m&quot;MuiPaper-root MuiPaper-elevation MuiPaper-rounded MuiPaper-elevation1 MuiCard-root _cardOutOfStock_c43253 css-h2938m-MuiPaper-root-MuiCard-root&quot;[39m
            [33mstyle[39m=[32m&quot;--Paper-shadow: 0px 2px 1px -1px rgba(0,0,0,0.2),0px 1px 1px 0px rgba(0,0,0,0.14),0px 1px 3px 0px rgba(0,0,0,0.12);&quot;[39m
          [36m&gt;[39m
            [36m&lt;div[39m
              [33mclass[39m=[32m&quot;MuiCardContent-root css-1vp024x-MuiCardContent-root&quot;[39m
            [36m&gt;[39m
              [36m&lt;div[39m
                [33mclass[39m=[32m&quot;MuiBox-root css-1qm1lh&quot;[39m
              [36m&gt;[39m
                ..." type="TestingLibraryElementError">
TestingLibraryElementError: Unable to find an element with the text: Laptop. This could be because the text is broken up by multiple elements. In this case, you can provide a function for your text matcher to make your matcher more flexible.

Ignored nodes: comments, script, style
&lt;body&gt;
  &lt;div&gt;
    &lt;div
      class=&quot;MuiContainer-root MuiContainer-maxWidthLg css-xsov46-MuiContainer-root&quot;
    &gt;
      &lt;div
        class=&quot;MuiBox-root css-j4unr3&quot;
      &gt;
        &lt;h1
          class=&quot;MuiTypography-root MuiTypography-h3 MuiTypography-gutterBottom css-1u0vmje-MuiTypography-root&quot;
        &gt;
          Product Dashboard
        &lt;/h1&gt;
        &lt;h6
          class=&quot;MuiTypography-root MuiTypography-subtitle1 css-1wapfoa-MuiTypography-root&quot;
        &gt;
          Discover our amazing collection of tech products
        &lt;/h6&gt;
        &lt;button
          class=&quot;MuiButtonBase-root MuiButton-root MuiButton-outlined MuiButton-outlinedPrimary MuiButton-sizeMedium MuiButton-outlinedSizeMedium MuiButton-colorPrimary MuiButton-root MuiButton-outlined MuiButton-outlinedPrimary MuiButton-sizeMedium MuiButton-outlinedSizeMedium MuiButton-colorPrimary css-1x93och-MuiButtonBase-root-MuiButton-root&quot;
          tabindex=&quot;0&quot;
          type=&quot;button&quot;
        &gt;
          Show In-Stock Only
        &lt;/button&gt;
      &lt;/div&gt;
      &lt;div
        class=&quot;MuiGrid-root MuiGrid-container MuiGrid-spacing-xs-3 css-1qw2a80-MuiGrid-root&quot;
      &gt;
        &lt;div
          class=&quot;MuiGrid-root MuiGrid-item MuiGrid-grid-xs-12 MuiGrid-grid-sm-6 MuiGrid-grid-md-4 MuiGrid-grid-lg-3 css-14j1sok-MuiGrid-root&quot;
        &gt;
          &lt;div
            class=&quot;MuiPaper-root MuiPaper-elevation MuiPaper-rounded MuiPaper-elevation1 MuiCard-root _card_c43253 css-i00wi4-MuiPaper-root-MuiCard-root&quot;
            style=&quot;--Paper-shadow: 0px 2px 1px -1px rgba(0,0,0,0.2),0px 1px 1px 0px rgba(0,0,0,0.14),0px 1px 3px 0px rgba(0,0,0,0.12);&quot;
          &gt;
            &lt;div
              class=&quot;MuiCardContent-root css-1vp024x-MuiCardContent-root&quot;
            &gt;
              &lt;div
                class=&quot;MuiBox-root css-1qm1lh&quot;
              &gt;
                &lt;h2
                  class=&quot;MuiTypography-root MuiTypography-h6 _productName_c43253 css-z9yyq-MuiTypography-root&quot;
                &gt;
                  Wireless Headphones
                &lt;/h2&gt;
              &lt;/div&gt;
              &lt;div
                class=&quot;MuiBox-root css-1qm1lh&quot;
              &gt;
                &lt;h5
                  class=&quot;MuiTypography-root MuiTypography-h5 _price_c43253 css-1a265nu-MuiTypography-root&quot;
                &gt;
                  $
                  99.99
                &lt;/h5&gt;
              &lt;/div&gt;
              &lt;div
                class=&quot;MuiBox-root css-0&quot;
              &gt;
                &lt;div
                  class=&quot;MuiChip-root MuiChip-filled MuiChip-sizeSmall MuiChip-colorSuccess MuiChip-filledSuccess _statusChip_c43253 css-wpsa08-MuiChip-root&quot;
                &gt;
                  &lt;span
                    class=&quot;MuiChip-label MuiChip-labelSmall css-eccknh-MuiChip-label&quot;
                  &gt;
                    In Stock
                  &lt;/span&gt;
                &lt;/div&gt;
              &lt;/div&gt;
            &lt;/div&gt;
          &lt;/div&gt;
        &lt;/div&gt;
        &lt;div
          class=&quot;MuiGrid-root MuiGrid-item MuiGrid-grid-xs-12 MuiGrid-grid-sm-6 MuiGrid-grid-md-4 MuiGrid-grid-lg-3 css-14j1sok-MuiGrid-root&quot;
        &gt;
          &lt;div
            class=&quot;MuiPaper-root MuiPaper-elevation MuiPaper-rounded MuiPaper-elevation1 MuiCard-root _card_c43253 css-i00wi4-MuiPaper-root-MuiCard-root&quot;
            style=&quot;--Paper-shadow: 0px 2px 1px -1px rgba(0,0,0,0.2),0px 1px 1px 0px rgba(0,0,0,0.14),0px 1px 3px 0px rgba(0,0,0,0.12);&quot;
          &gt;
            &lt;div
              class=&quot;MuiCardContent-root css-1vp024x-MuiCardContent-root&quot;
            &gt;
              &lt;div
                class=&quot;MuiBox-root css-1qm1lh&quot;
              &gt;
                &lt;h2
                  class=&quot;MuiTypography-root MuiTypography-h6 _productName_c43253 css-z9yyq-MuiTypography-root&quot;
                &gt;
                  Smart Watch
                &lt;/h2&gt;
              &lt;/div&gt;
              &lt;div
                class=&quot;MuiBox-root css-1qm1lh&quot;
              &gt;
                &lt;h5
                  class=&quot;MuiTypography-root MuiTypography-h5 _price_c43253 css-1a265nu-MuiTypography-root&quot;
                &gt;
                  $
                  249.99
                &lt;/h5&gt;
              &lt;/div&gt;
              &lt;div
                class=&quot;MuiBox-root css-0&quot;
              &gt;
                &lt;div
                  class=&quot;MuiChip-root MuiChip-filled MuiChip-sizeSmall MuiChip-colorSuccess MuiChip-filledSuccess _statusChip_c43253 css-wpsa08-MuiChip-root&quot;
                &gt;
                  &lt;span
                    class=&quot;MuiChip-label MuiChip-labelSmall css-eccknh-MuiChip-label&quot;
                  &gt;
                    In Stock
                  &lt;/span&gt;
                &lt;/div&gt;
              &lt;/div&gt;
            &lt;/div&gt;
          &lt;/div&gt;
        &lt;/div&gt;
        &lt;div
          class=&quot;MuiGrid-root MuiGrid-item MuiGrid-grid-xs-12 MuiGrid-grid-sm-6 MuiGrid-grid-md-4 MuiGrid-grid-lg-3 css-14j1sok-MuiGrid-root&quot;
        &gt;
          &lt;div
            class=&quot;MuiPaper-root MuiPaper-elevation MuiPaper-rounded MuiPaper-elevation1 MuiCard-root _cardOutOfStock_c43253 css-h2938m-MuiPaper-root-MuiCard-root&quot;
            style=&quot;--Paper-shadow: 0px 2px 1px -1px rgba(0,0,0,0.2),0px 1px 1px 0px rgba(0,0,0,0.14),0px 1px 3px 0px rgba(0,0,0,0.12);&quot;
          &gt;
            &lt;div
              class=&quot;MuiCardContent-root css-1vp024x-MuiCardContent-root&quot;
            &gt;
              &lt;div
                class=&quot;MuiBox-root css-1qm1lh&quot;
              &gt;
                ...
 ❯ Object.getElementError node_modules/@testing-library/dom/dist/config.js:37:19
 ❯ node_modules/@testing-library/dom/dist/query-helpers.js:76:38
 ❯ node_modules/@testing-library/dom/dist/query-helpers.js:52:17
 ❯ node_modules/@testing-library/dom/dist/query-helpers.js:95:19
 ❯ src/__tests__/indexTest.test.jsx:21:19
 ❯ src/__tests__/indexTest.test.jsx:20:18
            </failure>
        </testcase>
        <testcase classname="src/__tests__/indexTest.test.jsx" name="applies conditional styling for out-of-stock products" time="0.065565">
            <failure message="[2mexpect([22m[31melement[39m[2m).toHaveClass([22m[32m[32m&quot;outOfStockClass&quot;[32m[39m[2m)[22m

Expected the element to have class:
[32m  outOfStockClass[39m
Received:
[31m  MuiBox-root css-1qm1lh[39m" type="Error">
Error: expect(element).toHaveClass(&quot;outOfStockClass&quot;)

Expected the element to have class:
  outOfStockClass
Received:
  MuiBox-root css-1qm1lh
 ❯ src/__tests__/indexTest.test.jsx:28:44
            </failure>
        </testcase>
        <testcase classname="src/__tests__/indexTest.test.jsx" name="removes product from the dashboard when &quot;Remove&quot; button is clicked" time="0.0336414">
            <failure message="expected 0 to be greater than 0" type="AssertionError">
AssertionError: expected 0 to be greater than 0
 ❯ src/__tests__/indexTest.test.jsx:35:32
            </failure>
        </testcase>
    </testsuite>
</testsuites>
